
> unify@1.0.0 build
> prisma generate && next build

Environment variables loaded from .env
Prisma schema loaded from prisma\schema.prisma

Ô£ö Generated Prisma Client (v5.22.0) to .\node_modules\@prisma\client in 436ms

Start by importing your Prisma Client (See: https://pris.ly/d/importing-client)

Help us improve the Prisma ORM for everyone. Share your feedback in a short 2-min survey: https://pris.ly/orm/survey/release-5-22

Ôû▓ Next.js 16.1.6 (Turbopack)
- Environments: .env.local, .env.production, .env
- Experiments (use with caution):
  ┬À serverActions

  Creating an optimized production build ...
npm : 
Au caractère Ligne:1 : 1
+ npm run build 2>&1 | Tee-Object -FilePath build_output.txt | Select-O ...
+ ~~~~~~~~~~~~~~~~~~
    + CategoryInfo          : NotSpecified: (:String) [], RemoteException
    + FullyQualifiedErrorId : NativeCommandError
 
> Build error occurred
Error: Turbopack build failed with 1 errors:
./lib/translations/mg.json
Code generation for chunk item errored
An error occurred while generating the chunk item [project]/lib/translations/mg.json (json)

Caused by:
- Unable to make a module from invalid JSON: expected value at line 1 column 1

Debug info:
- An error occurred while generating the chunk item [project]/lib/translations/mg.json (json)
- Execution of <JsonChunkItem as EcmascriptChunkItem>::content failed
- Unable to make a module from invalid JSON: expected value at line 1 column 1
    at .
         | v
       1 + ´╗┐{
         | ^
       2 |   "common": {
       3 |     "loading": "Mikatraho...",
       4 |     "error": "Nisy olana",
       5 |     "success": "Vita soa",

Import traces:
  #1 [App Route]:
    ./lib/translations/mg.json
    ./lib/profilePhoto.ts
    ./app/api/auth/upload-avatar/route.ts

  #2 [App Route]:
    ./lib/translations/mg.json
    ./lib/translations/index.ts
    ./app/api/avatar/route.ts


    at ignore-listed frames
